≡ƒº¬ TESTING MANUAL RISK FLOW

================================================================================
Using business type: {"en":"Restaurant","es":"Restaurante","fr":"Restaurant"} (ID: cmhtopzop000oghpbku1io3hh)

Step 1: Calling prepare-prefill-data API...
node.exe : Γ¥î API call failed: 404 Not Found
At C:\Program Files\nodejs\npx.ps1:29 char:3
+   & $NODE_EXE $NPX_CLI_JS $args
+   ~~~~~~~~~~~~~~~~~~~~~~~~~~~~~
    + CategoryInfo          : NotSpecified: (Γ¥ 
   î API call failed: 404 Not Found:String) []  
  , RemoteException
    + FullyQualifiedErrorId : NativeCommandErro 
   r
 
Error: {"error":"Business type not found: 
cmhtopzop000oghpbku1io3hh"}
