≡ƒº¬ TESTING MANUAL RISK FLOW

================================================================================
Using business type: {"en":"Restaurant","es":"Restaurante","fr":"Restaurant"} (ID: cmhtopzop000oghpbku1io3hh)

Step 1: Calling prepare-prefill-data API...
node.exe : Γ¥î API call failed: 400 Bad Request
At C:\Program Files\nodejs\npx.ps1:29 char:3
+   & $NODE_EXE $NPX_CLI_JS $args
+   ~~~~~~~~~~~~~~~~~~~~~~~~~~~~~
    + CategoryInfo          : NotSpecified: (Γ¥î API c 
   all failed: 400 Bad Request:String) [], RemoteExce  
  ption
    + FullyQualifiedErrorId : NativeCommandError
 
Error: {"error":"businessTypeId and location are 
required"}
