Testing AdminHazardType...
Found 16 hazards
- hurricane (natural)
- flooding (natural)
- drought (natural)
- earthquake (natural)
- landslide (natural)
- power_outage (technological)
- fire (technological)
- cybersecurity_incident (technological)
- civil_unrest (human)
- health_emergency (health)
- supply_disruption (economic)
- economic_downturn (economic)
- water_shortage (technological)
- equipment_failure (technological)
- currency_crisis (economic)
- break_in_theft (human)

Testing RiskMitigationStrategy...
Found 12 strategies
- civil_unrest_protection (Primary: civil_unrest)
- earthquake_protection_comprehensive (Primary: earthquake)
- chemical_hazard_protection (Primary: chemical_spill)
- supply_chain_protection_comprehensive (Primary: supply_disruption)
- fire_protection_comprehensive (Primary: fire)
- economic_downturn_protection (Primary: economic_downturn)
- cyber_security_comprehensive (Primary: cybersecurity_incident)
- hurricane_comprehensive (Primary: hurricane)
- break_in_theft_protection (Primary: break_in_theft)
- flood_protection_comprehensive (Primary: flooding)
- power_resilience_comprehensive (Primary: power_outage)
- drought_protection_comprehensive (Primary: water_shortage)
